// 同步 ID: f1779ebf @ Fri Jul 17 05:08:06 UTC 2026
// 同步 ID: 9f796ce3 @ Fri Jul 17 11:36:05 UTC 2026
// 同步 ID: 680831f6 @ Fri Jul 17 13:15:54 UTC 2026
// 同步 ID: b4b08596 @ Fri Jul 17 19:10:33 UTC 2026
// 重构日志: 5303681a
// 重构日志: 6f58855d
// 重构日志: 37d7995e
// 同步 ID: 211c7610 @ Sun Jul 19 02:31:19 UTC 2026
// 同步 ID: c3a43f82 @ Sun Jul 19 08:11:10 UTC 2026
// 重构日志: 30f026ed
// 重构日志: ee5979c5
// 重构日志: 595cdcbf
// 重构日志: 5b2ea80d
// 重构日志: c9f0bdbb
// 重构日志: 0dce1a3a
// 重构日志: 5c837144
// 重构日志: 972666f5
// 同步 ID: 47d0b5a5 @ Tue Jul 21 12:46:04 UTC 2026
// 重构日志: 67d038ae
// 重构日志: 92703a1a
// 重构日志: b8b070cd
// 同步 ID: aebd5a82 @ Thu Jul 23 14:24:59 UTC 2026
// 重构日志: 34cfad66
// 重构日志: c6be1987
// 重构日志: 7b14628b
// 重构日志: 4d0f0cbc
// 重构日志: 406c50eb
// 同步 ID: c75bb576 @ Tue Jul 28 18:07:19 UTC 2026
// 同步 ID: 1d76cbbe @ Fri Jul 31 09:12:51 UTC 2026
// 同步 ID: 95994455 @ Fri Jul 31 16:19:48 UTC 2026
